%CPU %MEM ARGS Sat Oct  3 07:07:42 PM UTC 2026
 0.0  0.0 ./cli kernel images/32x32.b   0  1452
 0.0  0.0 grep --color=auto ./cli       1  2444
  PID User     Command                         Swap      USS      PSS      RSS 
31256 root     /usr/bin/python3 /usr/bin/s        0     7592     8854    14296 
%CPU %MEM ARGS Sat Oct  3 07:07:42 PM UTC 2026
 0.0  0.0 grep --color=auto ./cli       0  2360
  PID User     Command                         Swap      USS      PSS      RSS 
31265 root     /usr/bin/python3 /usr/bin/s        0     7600     8875    14316 
%CPU %MEM ARGS Sat Oct  3 07:07:43 PM UTC 2026
 0.0  0.0 grep --color=auto ./cli       1  2344
  PID User     Command                         Swap      USS      PSS      RSS 
31270 root     /usr/bin/python3 /usr/bin/s        0     7588     8858    14312 
%CPU %MEM ARGS Sat Oct  3 07:07:43 PM UTC 2026
 0.0  0.0 grep --color=auto ./cli       1  2380
  PID User     Command                         Swap      USS      PSS      RSS 
31279 root     /usr/bin/python3 /usr/bin/s        0     7592     8865    14316 
%CPU %MEM ARGS Sat Oct  3 07:07:43 PM UTC 2026
 0.0  0.0 grep --color=auto ./cli       0  2364
  PID User     Command                         Swap      USS      PSS      RSS 
31284 root     /usr/bin/python3 /usr/bin/s        0     7588     8870    14456 
%CPU %MEM ARGS Sat Oct  3 07:07:43 PM UTC 2026
 0.0  0.0 grep --color=auto ./cli       0  2476
  PID User     Command                         Swap      USS      PSS      RSS 
31289 root     /usr/bin/python3 /usr/bin/s        0     7596     8874    14340 
%CPU %MEM ARGS Sat Oct  3 07:07:44 PM UTC 2026
 0.0  0.0 grep --color=auto ./cli       1  2508
  PID User     Command                         Swap      USS      PSS      RSS 
31294 root     /usr/bin/python3 /usr/bin/s        0     7600     8885    14480 
%CPU %MEM ARGS Sat Oct  3 07:07:44 PM UTC 2026
 0.0  0.0 grep --color=auto ./cli       1  2380
  PID User     Command                         Swap      USS      PSS      RSS 
31303 root     /usr/bin/python3 /usr/bin/s        0     7600     8883    14436 
%CPU %MEM ARGS Sat Oct  3 07:07:44 PM UTC 2026
 0.0  0.0 grep --color=auto ./cli       0  2380
  PID User     Command                         Swap      USS      PSS      RSS 
31308 root     /usr/bin/python3 /usr/bin/s        0     7584     8873    14464 
%CPU %MEM ARGS Sat Oct  3 07:07:45 PM UTC 2026
 0.0  0.0 grep --color=auto ./cli       0  2380
  PID User     Command                         Swap      USS      PSS      RSS 
31313 root     /usr/bin/python3 /usr/bin/s        0     7600     8876    14344 
%CPU %MEM ARGS Sat Oct  3 07:07:45 PM UTC 2026
 0.0  0.0 grep --color=auto ./cli       0  2380
  PID User     Command                         Swap      USS      PSS      RSS 
31322 root     /usr/bin/python3 /usr/bin/s        0     7592     8874    14348 
%CPU %MEM ARGS Sat Oct  3 07:07:45 PM UTC 2026
 0.0  0.0 grep --color=auto ./cli       1  2380
  PID User     Command                         Swap      USS      PSS      RSS 
31327 root     /usr/bin/python3 /usr/bin/s        0     7588     8874    14476 
%CPU %MEM ARGS Sat Oct  3 07:07:46 PM UTC 2026
 0.0  0.0 grep --color=auto ./cli       0  2368
  PID User     Command                         Swap      USS      PSS      RSS 
31332 root     /usr/bin/python3 /usr/bin/s        0     7596     8874    14340 
%CPU %MEM ARGS Sat Oct  3 07:07:46 PM UTC 2026
 0.0  0.0 grep --color=auto ./cli       1  2380
  PID User     Command                         Swap      USS      PSS      RSS 
31337 root     /usr/bin/python3 /usr/bin/s        0     7592     8868    14420 
%CPU %MEM ARGS Sat Oct  3 07:07:46 PM UTC 2026
 0.0  0.0 ./cli kernel images/32x32.b   0  1320
 0.0  0.0 ./cli kernel images/32x32.b   0  1428
 0.0  0.0 ./cli kernel images/32x32.b   0  1432
 0.0  0.0 grep --color=auto ./cli       0  2444
 3.8  0.0 ./cli kernel images/32x32.b   0  1396
 4.0  0.0 ./cli kernel images/32x32.b   0  1320
  PID User     Command                         Swap      USS      PSS      RSS 
31367 root     /usr/bin/python3 /usr/bin/s        0     7592     8845    14300 
%CPU %MEM ARGS Sat Oct  3 07:07:46 PM UTC 2026
 0.0  0.0 grep --color=auto ./cli       0  2344
  PID User     Command                         Swap      USS      PSS      RSS 
31378 root     /usr/bin/python3 /usr/bin/s        0     7592     8863    14308 
%CPU %MEM ARGS Sat Oct  3 07:07:47 PM UTC 2026
 0.0  0.0 grep --color=auto ./cli       0  2300
  PID User     Command                         Swap      USS      PSS      RSS 
31383 root     /usr/bin/python3 /usr/bin/s        0     7604     8881    14316 
%CPU %MEM ARGS Sat Oct  3 07:07:47 PM UTC 2026
 0.0  0.0 grep --color=auto ./cli       1  2376
  PID User     Command                         Swap      USS      PSS      RSS 
31392 root     /usr/bin/python3 /usr/bin/s        0     7596     8870    14420 
%CPU %MEM ARGS Sat Oct  3 07:07:47 PM UTC 2026
 0.0  0.0 grep --color=auto ./cli       0  2384
  PID User     Command                         Swap      USS      PSS      RSS 
31397 root     /usr/bin/python3 /usr/bin/s        0     7588     8861    14312 
%CPU %MEM ARGS Sat Oct  3 07:07:48 PM UTC 2026
 0.0  0.0 grep --color=auto ./cli       0  2380
  PID User     Command                         Swap      USS      PSS      RSS 
31402 root     /usr/bin/python3 /usr/bin/s        0     7588     8860    14404 
%CPU %MEM ARGS Sat Oct  3 07:07:48 PM UTC 2026
 0.0  0.0 grep --color=auto ./cli       0  2296
  PID User     Command                         Swap      USS      PSS      RSS 
31411 root     /usr/bin/python3 /usr/bin/s        0     7588     8874    14476 
%CPU %MEM ARGS Sat Oct  3 07:07:48 PM UTC 2026
 0.0  0.0 grep --color=auto ./cli       0  2360
  PID User     Command                         Swap      USS      PSS      RSS 
31416 root     /usr/bin/python3 /usr/bin/s        0     7592     8888    14452 
%CPU %MEM ARGS Sat Oct  3 07:07:49 PM UTC 2026
 0.0  0.0 grep --color=auto ./cli       1  2348
  PID User     Command                         Swap      USS      PSS      RSS 
31421 root     /usr/bin/python3 /usr/bin/s        0     7592     8865    14316 
%CPU %MEM ARGS Sat Oct  3 07:07:49 PM UTC 2026
 0.0  0.0 grep --color=auto ./cli       0  2384
  PID User     Command                         Swap      USS      PSS      RSS 
31430 root     /usr/bin/python3 /usr/bin/s        0     7592     8879    14460 
%CPU %MEM ARGS Sat Oct  3 07:07:49 PM UTC 2026
 0.0  0.0 grep --color=auto ./cli       0  2300
  PID User     Command                         Swap      USS      PSS      RSS 
31435 root     /usr/bin/python3 /usr/bin/s        0     7600     8875    14312 
%CPU %MEM ARGS Sat Oct  3 07:07:50 PM UTC 2026
 0.0  0.0 grep --color=auto ./cli       1  2316
  PID User     Command                         Swap      USS      PSS      RSS 
31440 root     /usr/bin/python3 /usr/bin/s        0     7592     8871    14348 
%CPU %MEM ARGS Sat Oct  3 07:07:50 PM UTC 2026
 0.0  0.0 grep --color=auto ./cli       0  2296
  PID User     Command                         Swap      USS      PSS      RSS 
31449 root     /usr/bin/python3 /usr/bin/s        0     7588     8858    14304 
%CPU %MEM ARGS Sat Oct  3 07:07:50 PM UTC 2026
 0.0  0.0 grep --color=auto ./cli       0  2356
  PID User     Command                         Swap      USS      PSS      RSS 
31454 root     /usr/bin/python3 /usr/bin/s        0     7592     8880    14424 
%CPU %MEM ARGS Sat Oct  3 07:07:51 PM UTC 2026
 0.0  0.0 grep --color=auto ./cli       0  2360
  PID User     Command                         Swap      USS      PSS      RSS 
31459 root     /usr/bin/python3 /usr/bin/s        0     7600     8874    14312 
%CPU %MEM ARGS Sat Oct  3 07:07:51 PM UTC 2026
 0.0  0.0 grep --color=auto ./cli       0  2448
  PID User     Command                         Swap      USS      PSS      RSS 
31468 root     /usr/bin/python3 /usr/bin/s        0     7592     8863    14308 
%CPU %MEM ARGS Sat Oct  3 07:07:51 PM UTC 2026
 0.0  0.0 grep --color=auto ./cli       0  2380
  PID User     Command                         Swap      USS      PSS      RSS 
31473 root     /usr/bin/python3 /usr/bin/s        0     7588     8877    14416 
%CPU %MEM ARGS Sat Oct  3 07:07:52 PM UTC 2026
 0.0  0.0 grep --color=auto ./cli       1  2296
  PID User     Command                         Swap      USS      PSS      RSS 
31479 root     /usr/bin/python3 /usr/bin/s        0     7588     8877    14416 
%CPU %MEM ARGS Sat Oct  3 07:07:52 PM UTC 2026
 0.0  0.0 grep --color=auto ./cli       1  2336
  PID User     Command                         Swap      USS      PSS      RSS 
31484 root     /usr/bin/python3 /usr/bin/s        0     7588     8874    14476 
%CPU %MEM ARGS Sat Oct  3 07:07:52 PM UTC 2026
 0.0  0.0 grep --color=auto ./cli       1  2300
  PID User     Command                         Swap      USS      PSS      RSS 
31493 root     /usr/bin/python3 /usr/bin/s        0     7588     8853    14268 
%CPU %MEM ARGS Sat Oct  3 07:07:52 PM UTC 2026
 0.0  0.0 grep --color=auto ./cli       0  2504
  PID User     Command                         Swap      USS      PSS      RSS 
31498 root     /usr/bin/python3 /usr/bin/s        0     7588     8883    14448 
%CPU %MEM ARGS Sat Oct  3 07:07:53 PM UTC 2026
 0.0  0.0 grep --color=auto ./cli       1  2344
  PID User     Command                         Swap      USS      PSS      RSS 
31503 root     /usr/bin/python3 /usr/bin/s        0     7600     8877    14312 
%CPU %MEM ARGS Sat Oct  3 07:07:53 PM UTC 2026
 0.0  0.0 grep --color=auto ./cli       1  2380
  PID User     Command                         Swap      USS      PSS      RSS 
31512 root     /usr/bin/python3 /usr/bin/s        0     7592     8858    14272 
%CPU %MEM ARGS Sat Oct  3 07:07:53 PM UTC 2026
 0.0  0.0 grep --color=auto ./cli       0  2296
  PID User     Command                         Swap      USS      PSS      RSS 
31517 root     /usr/bin/python3 /usr/bin/s        0     7592     8882    14420 
%CPU %MEM ARGS Sat Oct  3 07:07:54 PM UTC 2026
 0.0  0.0 grep --color=auto ./cli       1  2504
  PID User     Command                         Swap      USS      PSS      RSS 
31522 root     /usr/bin/python3 /usr/bin/s        0     7588     8860    14304 
%CPU %MEM ARGS Sat Oct  3 07:07:54 PM UTC 2026
 0.0  0.0 grep --color=auto ./cli       0  2356
  PID User     Command                         Swap      USS      PSS      RSS 
31531 root     /usr/bin/python3 /usr/bin/s        0     7592     8875    14356 
%CPU %MEM ARGS Sat Oct  3 07:07:54 PM UTC 2026
 0.0  0.0 grep --color=auto ./cli       1  2508
  PID User     Command                         Swap      USS      PSS      RSS 
31536 root     /usr/bin/python3 /usr/bin/s        0     7592     8875    14356 
%CPU %MEM ARGS Sat Oct  3 07:07:55 PM UTC 2026
 0.0  0.0 grep --color=auto ./cli       0  2364
  PID User     Command                         Swap      USS      PSS      RSS 
31541 root     /usr/bin/python3 /usr/bin/s        0     7588     8859    14404 
%CPU %MEM ARGS Sat Oct  3 07:07:55 PM UTC 2026
 0.0  0.0 grep --color=auto ./cli       1  2356
  PID User     Command                         Swap      USS      PSS      RSS 
31546 root     /usr/bin/python3 /usr/bin/s        0     7588     8886    14448 
%CPU %MEM ARGS Sat Oct  3 07:07:55 PM UTC 2026
 0.0  0.0 grep --color=auto ./cli       1  2348
  PID User     Command                         Swap      USS      PSS      RSS 
31555 root     /usr/bin/python3 /usr/bin/s        0     7588     8864    14404 
%CPU %MEM ARGS Sat Oct  3 07:07:55 PM UTC 2026
 0.0  0.0 grep --color=auto ./cli       0  2508
  PID User     Command                         Swap      USS      PSS      RSS 
31560 root     /usr/bin/python3 /usr/bin/s        0     7592     8879    14460 
%CPU %MEM ARGS Sat Oct  3 07:07:56 PM UTC 2026
 0.0  0.0 grep --color=auto ./cli       1  2332
  PID User     Command                         Swap      USS      PSS      RSS 
31565 root     /usr/bin/python3 /usr/bin/s        0     7592     8879    14460 
%CPU %MEM ARGS Sat Oct  3 07:07:56 PM UTC 2026
 0.0  0.0 grep --color=auto ./cli       1  2300
  PID User     Command                         Swap      USS      PSS      RSS 
31574 root     /usr/bin/python3 /usr/bin/s        0     7588     8861    14296 
%CPU %MEM ARGS Sat Oct  3 07:07:56 PM UTC 2026
 0.0  0.0 grep --color=auto ./cli       0  2388
  PID User     Command                         Swap      USS      PSS      RSS 
31579 root     /usr/bin/python3 /usr/bin/s        0     7588     8877    14416 
%CPU %MEM ARGS Sat Oct  3 07:07:57 PM UTC 2026
 0.0  0.0 grep --color=auto ./cli       0  2380
  PID User     Command                         Swap      USS      PSS      RSS 
31584 root     /usr/bin/python3 /usr/bin/s        0     7592     8888    14452 
%CPU %MEM ARGS Sat Oct  3 07:07:57 PM UTC 2026
 0.0  0.0 grep --color=auto ./cli       1  2352
  PID User     Command                         Swap      USS      PSS      RSS 
31589 root     /usr/bin/python3 /usr/bin/s        0     7592     8876    14460 
%CPU %MEM ARGS Sat Oct  3 07:07:57 PM UTC 2026
 0.0  0.0 grep --color=auto ./cli       1  2372
  PID User     Command                         Swap      USS      PSS      RSS 
31598 root     /usr/bin/python3 /usr/bin/s        0     7592     8881    14420 
%CPU %MEM ARGS Sat Oct  3 07:07:57 PM UTC 2026
 0.0  0.0 grep --color=auto ./cli       0  2380
  PID User     Command                         Swap      USS      PSS      RSS 
31603 root     /usr/bin/python3 /usr/bin/s        0     7588     8853    14280 
%CPU %MEM ARGS Sat Oct  3 07:07:58 PM UTC 2026
 0.0  0.0 grep --color=auto ./cli       1  2336
  PID User     Command                         Swap      USS      PSS      RSS 
31608 root     /usr/bin/python3 /usr/bin/s        0     7592     8864    14300 
